\BOOKMARK [0][-]{chapter.1}{\376\377\000O\000r\000g\000a\000n\000i\000z\000a\000c\000i\000\363\000n\000\040\000d\000e\000\040\000l\000a\000\040\000a\000s\000i\000g\000n\000a\000t\000u\000r\000a}{}% 1
\BOOKMARK [1][-]{section.1.1}{\376\377\000R\000e\000s\000u\000l\000t\000a\000d\000o\000s\000\040\000d\000e\000\040\000a\000p\000r\000e\000n\000d\000i\000z\000a\000j\000e}{chapter.1}% 2
\BOOKMARK [1][-]{section.1.2}{\376\377\000D\000i\000s\000t\000r\000i\000b\000u\000c\000i\000\363\000n\000\040\000t\000e\000m\000p\000o\000r\000a\000l}{chapter.1}% 3
\BOOKMARK [1][-]{section.1.3}{\376\377\000C\000r\000i\000t\000e\000r\000i\000o\000s\000\040\000d\000e\000\040\000e\000v\000a\000l\000u\000a\000c\000i\000\363\000n\000\040\000r\000e\000c\000o\000m\000e\000n\000d\000a\000d\000o\000s}{chapter.1}% 4
\BOOKMARK [0][-]{chapter.2}{\376\377\000E\000n\000t\000o\000r\000n\000o\000\040\000d\000e\000\040\000t\000r\000a\000b\000a\000j\000o}{}% 5
\BOOKMARK [1][-]{section.2.1}{\376\377\000R\000,\000\040\000R\000S\000t\000u\000d\000i\000o\000\040\000y\000\040\000p\000r\000o\000y\000e\000c\000t\000o\000s}{chapter.2}% 6
\BOOKMARK [1][-]{section.2.2}{\376\377\000L\000a\000\040\000c\000a\000r\000p\000e\000t\000a\000\040\000d\000e\000\040\000t\000r\000a\000b\000a\000j\000o}{chapter.2}% 7
\BOOKMARK [1][-]{section.2.3}{\376\377\000P\000r\000i\000m\000e\000r\000o\000s\000\040\000c\000o\000m\000a\000n\000d\000o\000s}{chapter.2}% 8
\BOOKMARK [1][-]{section.2.4}{\376\377\000P\000a\000q\000u\000e\000t\000e\000s\000\040\000y\000\040\000b\000i\000b\000l\000i\000o\000t\000e\000c\000a\000s}{chapter.2}% 9
\BOOKMARK [1][-]{section.2.5}{\376\377\000A\000y\000u\000d\000a\000\040\000i\000n\000t\000e\000g\000r\000a\000d\000a}{chapter.2}% 10
\BOOKMARK [1][-]{section.2.6}{\376\377\000I\000n\000f\000o\000r\000m\000a\000c\000i\000\363\000n\000\040\000d\000e\000\040\000l\000a\000\040\000s\000e\000s\000i\000\363\000n}{chapter.2}% 11
\BOOKMARK [1][-]{section.2.7}{\376\377\000F\000l\000u\000j\000o\000\040\000d\000e\000\040\000t\000r\000a\000b\000a\000j\000o\000\040\000r\000e\000c\000o\000m\000e\000n\000d\000a\000d\000o}{chapter.2}% 12
\BOOKMARK [0][-]{chapter.3}{\376\377\000O\000b\000j\000e\000t\000o\000s\000,\000\040\000t\000i\000p\000o\000s\000\040\000d\000e\000\040\000d\000a\000t\000o\000s\000\040\000y\000\040\000e\000x\000p\000r\000e\000s\000i\000o\000n\000e\000s}{}% 13
\BOOKMARK [1][-]{section.3.1}{\376\377\000O\000b\000j\000e\000t\000o\000s\000\040\000y\000\040\000a\000s\000i\000g\000n\000a\000c\000i\000\363\000n}{chapter.3}% 14
\BOOKMARK [1][-]{section.3.2}{\376\377\000T\000i\000p\000o\000s\000\040\000b\000\341\000s\000i\000c\000o\000s}{chapter.3}% 15
\BOOKMARK [1][-]{section.3.3}{\376\377\000O\000p\000e\000r\000a\000d\000o\000r\000e\000s\000\040\000y\000\040\000p\000r\000e\000c\000e\000d\000e\000n\000c\000i\000a}{chapter.3}% 16
\BOOKMARK [1][-]{section.3.4}{\376\377\000C\000o\000n\000v\000e\000r\000s\000i\000\363\000n\000\040\000y\000\040\000r\000e\000c\000i\000c\000l\000a\000j\000e}{chapter.3}% 17
\BOOKMARK [1][-]{section.3.5}{\376\377\000V\000a\000l\000o\000r\000e\000s\000\040\000e\000s\000p\000e\000c\000i\000a\000l\000e\000s\000\040\000y\000\040\000d\000a\000t\000o\000s\000\040\000a\000u\000s\000e\000n\000t\000e\000s}{chapter.3}% 18
\BOOKMARK [1][-]{section.3.6}{\376\377\000E\000r\000r\000o\000r\000e\000s\000\040\000d\000e\000\040\000r\000e\000d\000o\000n\000d\000e\000o}{chapter.3}% 19
\BOOKMARK [1][-]{section.3.7}{\376\377\000A\000t\000r\000i\000b\000u\000t\000o\000s\000\040\000e\000\040\000i\000n\000s\000p\000e\000c\000c\000i\000\363\000n}{chapter.3}% 20
\BOOKMARK [1][-]{section.3.8}{\376\377\000L\000i\000s\000t\000a\000\040\000d\000e\000\040\000c\000o\000m\000p\000r\000o\000b\000a\000c\000i\000\363\000n}{chapter.3}% 21
\BOOKMARK [0][-]{chapter.4}{\376\377\000F\000u\000n\000c\000i\000o\000n\000e\000s}{}% 22
\BOOKMARK [1][-]{section.4.1}{\376\377\000F\000u\000n\000c\000i\000o\000n\000e\000s\000\040\000p\000r\000e\000d\000e\000f\000i\000n\000i\000d\000a\000s}{chapter.4}% 23
\BOOKMARK [1][-]{section.4.2}{\376\377\000F\000u\000n\000c\000i\000o\000n\000e\000s\000\040\000p\000r\000o\000p\000i\000a\000s}{chapter.4}% 24
\BOOKMARK [1][-]{section.4.3}{\376\377\000E\000j\000e\000m\000p\000l\000o\000:\000\040\000d\000i\000s\000t\000a\000n\000c\000i\000a\000\040\000e\000u\000c\000l\000\355\000d\000e\000a}{chapter.4}% 25
\BOOKMARK [0][-]{chapter.5}{\376\377\000C\000o\000n\000t\000r\000o\000l\000\040\000d\000e\000\040\000f\000l\000u\000j\000o}{}% 26
\BOOKMARK [1][-]{section.5.1}{\376\377\000C\000o\000n\000d\000i\000c\000i\000o\000n\000a\000l\000e\000s}{chapter.5}% 27
\BOOKMARK [1][-]{section.5.2}{\376\377\000B\000u\000c\000l\000e\000s}{chapter.5}% 28
\BOOKMARK [1][-]{section.5.3}{\376\377\000E\000j\000e\000m\000p\000l\000o\000:\000\040\000a\000l\000g\000o\000r\000i\000t\000m\000o\000\040\000d\000e\000\040\000E\000u\000c\000l\000i\000d\000e\000s}{chapter.5}% 29
\BOOKMARK [0][-]{chapter.6}{\376\377\000V\000e\000c\000t\000o\000r\000e\000s\000,\000\040\000m\000a\000t\000r\000i\000c\000e\000s\000\040\000y\000\040\000e\000s\000t\000r\000u\000c\000t\000u\000r\000a\000s\000\040\000d\000e\000\040\000d\000a\000t\000o\000s}{}% 30
\BOOKMARK [1][-]{section.6.1}{\376\377\000V\000e\000c\000t\000o\000r\000e\000s}{chapter.6}% 31
\BOOKMARK [1][-]{section.6.2}{\376\377\000S\000e\000c\000u\000e\000n\000c\000i\000a\000s}{chapter.6}% 32
\BOOKMARK [1][-]{section.6.3}{\376\377\000M\000a\000t\000r\000i\000c\000e\000s}{chapter.6}% 33
\BOOKMARK [1][-]{section.6.4}{\376\377\000T\000a\000b\000l\000a\000s\000\040\000d\000e\000\040\000d\000a\000t\000o\000s}{chapter.6}% 34
\BOOKMARK [0][-]{chapter.7}{\376\377\000R\000e\000p\000r\000e\000s\000e\000n\000t\000a\000c\000i\000\363\000n\000\040\000g\000r\000\341\000f\000i\000c\000a}{}% 35
\BOOKMARK [1][-]{section.7.1}{\376\377\000G\000r\000\341\000f\000i\000c\000o\000s\000\040\000b\000a\000s\000e}{chapter.7}% 36
\BOOKMARK [1][-]{section.7.2}{\376\377\000g\000g\000p\000l\000o\000t\0002}{chapter.7}% 37
\BOOKMARK [1][-]{section.7.3}{\376\377\000C\000r\000i\000t\000e\000r\000i\000o\000s\000\040\000p\000a\000r\000a\000\040\000u\000n\000\040\000b\000u\000e\000n\000\040\000g\000r\000\341\000f\000i\000c\000o}{chapter.7}% 38
\BOOKMARK [0][-]{chapter.8}{\376\377\000C\000\341\000l\000c\000u\000l\000o\000\040\000n\000u\000m\000\351\000r\000i\000c\000o\000\040\000e\000l\000e\000m\000e\000n\000t\000a\000l}{}% 39
\BOOKMARK [1][-]{section.8.1}{\376\377\000E\000v\000a\000l\000u\000a\000c\000i\000\363\000n\000\040\000d\000e\000\040\000f\000u\000n\000c\000i\000o\000n\000e\000s}{chapter.8}% 40
\BOOKMARK [1][-]{section.8.2}{\376\377\000B\000\372\000s\000q\000u\000e\000d\000a\000\040\000d\000e\000\040\000r\000a\000\355\000c\000e\000s}{chapter.8}% 41
\BOOKMARK [1][-]{section.8.3}{\376\377\000D\000e\000r\000i\000v\000a\000c\000i\000\363\000n\000\040\000n\000u\000m\000\351\000r\000i\000c\000a}{chapter.8}% 42
\BOOKMARK [1][-]{section.8.4}{\376\377\000I\000n\000t\000e\000g\000r\000a\000c\000i\000\363\000n\000\040\000n\000u\000m\000\351\000r\000i\000c\000a}{chapter.8}% 43
\BOOKMARK [0][-]{chapter.9}{\376\377\000S\000i\000m\000u\000l\000a\000c\000i\000\363\000n}{}% 44
\BOOKMARK [1][-]{section.9.1}{\376\377\000N\000\372\000m\000e\000r\000o\000s\000\040\000p\000s\000e\000u\000d\000o\000a\000l\000e\000a\000t\000o\000r\000i\000o\000s}{chapter.9}% 45
\BOOKMARK [1][-]{section.9.2}{\376\377\000M\000o\000n\000t\000e\000\040\000C\000a\000r\000l\000o\000\040\000p\000a\000r\000a\000\040\000e\000s\000t\000i\000m\000a\000r\000\040\000p\000i}{chapter.9}% 46
\BOOKMARK [1][-]{section.9.3}{\376\377\000E\000r\000r\000o\000r\000\040\000d\000e\000\040\000s\000i\000m\000u\000l\000a\000c\000i\000\363\000n}{chapter.9}% 47
\BOOKMARK [0][-]{chapter.10}{\376\377\000T\000r\000a\000t\000a\000m\000i\000e\000n\000t\000o\000\040\000d\000e\000\040\000d\000a\000t\000o\000s\000\040\000y\000\040\000e\000s\000t\000a\000d\000\355\000s\000t\000i\000c\000a\000\040\000i\000n\000i\000c\000i\000a\000l}{}% 48
\BOOKMARK [1][-]{section.10.1}{\376\377\000I\000m\000p\000o\000r\000t\000a\000c\000i\000\363\000n\000\040\000d\000e\000\040\000d\000a\000t\000o\000s}{chapter.10}% 49
\BOOKMARK [1][-]{section.10.2}{\376\377\000R\000e\000s\000u\000m\000e\000n\000\040\000d\000e\000s\000c\000r\000i\000p\000t\000i\000v\000o}{chapter.10}% 50
\BOOKMARK [1][-]{section.10.3}{\376\377\000R\000e\000g\000r\000e\000s\000i\000\363\000n\000\040\000l\000i\000n\000e\000a\000l}{chapter.10}% 51
\BOOKMARK [0][-]{chapter.11}{\376\377\000E\000d\000i\000c\000i\000\363\000n\000\040\000c\000i\000e\000n\000t\000\355\000f\000i\000c\000a\000\040\000c\000o\000n\000\040\000L\000a\000T\000e\000X}{}% 52
\BOOKMARK [1][-]{section.11.1}{\376\377\000E\000s\000t\000r\000u\000c\000t\000u\000r\000a\000\040\000m\000\355\000n\000i\000m\000a}{chapter.11}% 53
\BOOKMARK [1][-]{section.11.2}{\376\377\000F\000\363\000r\000m\000u\000l\000a\000s}{chapter.11}% 54
\BOOKMARK [1][-]{section.11.3}{\376\377\000T\000a\000b\000l\000a\000s}{chapter.11}% 55
\BOOKMARK [1][-]{section.11.4}{\376\377\000B\000u\000e\000n\000a\000s\000\040\000p\000r\000\341\000c\000t\000i\000c\000a\000s}{chapter.11}% 56
\BOOKMARK [0][-]{chapter.12}{\376\377\000M\000a\000r\000k\000d\000o\000w\000n\000,\000\040\000R\000\040\000M\000a\000r\000k\000d\000o\000w\000n\000\040\000y\000\040\000Q\000u\000a\000r\000t\000o}{}% 57
\BOOKMARK [1][-]{section.12.1}{\376\377\000M\000a\000r\000k\000d\000o\000w\000n}{chapter.12}% 58
\BOOKMARK [1][-]{section.12.2}{\376\377\000C\000u\000a\000d\000e\000r\000n\000o\000s\000\040\000r\000e\000p\000r\000o\000d\000u\000c\000i\000b\000l\000e\000s}{chapter.12}% 59
\BOOKMARK [1][-]{section.12.3}{\376\377\000E\000s\000t\000r\000u\000c\000t\000u\000r\000a\000\040\000r\000e\000c\000o\000m\000e\000n\000d\000a\000d\000a\000\040\000d\000e\000\040\000u\000n\000\040\000i\000n\000f\000o\000r\000m\000e}{chapter.12}% 60
\BOOKMARK [-1][-]{part.1}{\376\377\000I\000\040\000P\000r\000\341\000c\000t\000i\000c\000a\000s\000\040\000d\000e\000\040\000l\000a\000b\000o\000r\000a\000t\000o\000r\000i\000o}{}% 61
\BOOKMARK [0][-]{chapter.13}{\376\377\000G\000u\000\355\000a\000\040\000g\000e\000n\000e\000r\000a\000l\000\040\000d\000e\000\040\000p\000r\000\341\000c\000t\000i\000c\000a\000s}{part.1}% 62
\BOOKMARK [1][-]{section.13.1}{\376\377\000F\000o\000r\000m\000a\000t\000o\000\040\000c\000o\000m\000\372\000n\000\040\000d\000e\000\040\000e\000n\000t\000r\000e\000g\000a}{chapter.13}% 63
\BOOKMARK [1][-]{section.13.2}{\376\377\000R\000\372\000b\000r\000i\000c\000a\000\040\000c\000o\000m\000\372\000n}{chapter.13}% 64
\BOOKMARK [0][-]{chapter.14}{\376\377\000P\000r\000\341\000c\000t\000i\000c\000a\000\040\0001\000.\000\040\000E\000n\000t\000o\000r\000n\000o\000\040\000d\000e\000\040\000t\000r\000a\000b\000a\000j\000o\000\040\000y\000\040\000p\000r\000i\000m\000e\000r\000\040\000p\000r\000o\000y\000e\000c\000t\000o}{part.1}% 65
\BOOKMARK [1][-]{section.14.1}{\376\377\000A\000c\000t\000i\000v\000i\000d\000a\000d}{chapter.14}% 66
\BOOKMARK [0][-]{chapter.15}{\376\377\000P\000r\000\341\000c\000t\000i\000c\000a\000\040\0002\000.\000\040\000C\000\341\000l\000c\000u\000l\000o\000\040\000e\000l\000e\000m\000e\000n\000t\000a\000l\000\040\000y\000\040\000p\000r\000e\000c\000i\000s\000i\000\363\000n\000\040\000n\000u\000m\000\351\000r\000i\000c\000a}{part.1}% 67
\BOOKMARK [1][-]{section.15.1}{\376\377\000A\000c\000t\000i\000v\000i\000d\000a\000d}{chapter.15}% 68
\BOOKMARK [0][-]{chapter.16}{\376\377\000P\000r\000\341\000c\000t\000i\000c\000a\000\040\0003\000.\000\040\000F\000u\000n\000c\000i\000o\000n\000e\000s\000\040\000p\000r\000o\000p\000i\000a\000s}{part.1}% 69
\BOOKMARK [1][-]{section.16.1}{\376\377\000A\000c\000t\000i\000v\000i\000d\000a\000d}{chapter.16}% 70
\BOOKMARK [0][-]{chapter.17}{\376\377\000P\000r\000\341\000c\000t\000i\000c\000a\000\040\0004\000.\000\040\000C\000o\000n\000d\000i\000c\000i\000o\000n\000a\000l\000e\000s\000,\000\040\000b\000u\000c\000l\000e\000s\000\040\000y\000\040\000a\000l\000g\000o\000r\000i\000t\000m\000o\000s\000\040\000e\000l\000e\000m\000e\000n\000t\000a\000l\000e\000s}{part.1}% 71
\BOOKMARK [1][-]{section.17.1}{\376\377\000A\000c\000t\000i\000v\000i\000d\000a\000d}{chapter.17}% 72
\BOOKMARK [0][-]{chapter.18}{\376\377\000P\000r\000\341\000c\000t\000i\000c\000a\000\040\0005\000.\000\040\000V\000e\000c\000t\000o\000r\000e\000s\000\040\000y\000\040\000m\000a\000t\000r\000i\000c\000e\000s}{part.1}% 73
\BOOKMARK [1][-]{section.18.1}{\376\377\000A\000c\000t\000i\000v\000i\000d\000a\000d}{chapter.18}% 74
\BOOKMARK [0][-]{chapter.19}{\376\377\000P\000r\000\341\000c\000t\000i\000c\000a\000\040\0006\000.\000\040\000D\000a\000t\000o\000s\000\040\000e\000n\000\040\000t\000a\000b\000l\000a\000s}{part.1}% 75
\BOOKMARK [1][-]{section.19.1}{\376\377\000A\000c\000t\000i\000v\000i\000d\000a\000d}{chapter.19}% 76
\BOOKMARK [0][-]{chapter.20}{\376\377\000P\000r\000\341\000c\000t\000i\000c\000a\000\040\0007\000.\000\040\000V\000i\000s\000u\000a\000l\000i\000z\000a\000c\000i\000\363\000n\000\040\000d\000e\000\040\000f\000u\000n\000c\000i\000o\000n\000e\000s\000\040\000y\000\040\000d\000a\000t\000o\000s}{part.1}% 77
\BOOKMARK [1][-]{section.20.1}{\376\377\000A\000c\000t\000i\000v\000i\000d\000a\000d}{chapter.20}% 78
\BOOKMARK [0][-]{chapter.21}{\376\377\000P\000r\000\341\000c\000t\000i\000c\000a\000\040\0008\000.\000\040\000R\000a\000\355\000c\000e\000s\000\040\000y\000\040\000a\000p\000r\000o\000x\000i\000m\000a\000c\000i\000\363\000n\000\040\000n\000u\000m\000\351\000r\000i\000c\000a}{part.1}% 79
\BOOKMARK [1][-]{section.21.1}{\376\377\000A\000c\000t\000i\000v\000i\000d\000a\000d}{chapter.21}% 80
\BOOKMARK [0][-]{chapter.22}{\376\377\000P\000r\000\341\000c\000t\000i\000c\000a\000\040\0009\000.\000\040\000D\000e\000r\000i\000v\000a\000c\000i\000\363\000n\000\040\000e\000\040\000i\000n\000t\000e\000g\000r\000a\000c\000i\000\363\000n\000\040\000n\000u\000m\000\351\000r\000i\000c\000a}{part.1}% 81
\BOOKMARK [1][-]{section.22.1}{\376\377\000A\000c\000t\000i\000v\000i\000d\000a\000d}{chapter.22}% 82
\BOOKMARK [0][-]{chapter.23}{\376\377\000P\000r\000\341\000c\000t\000i\000c\000a\000\040\0001\0000\000.\000\040\000S\000i\000m\000u\000l\000a\000c\000i\000\363\000n\000\040\000y\000\040\000M\000o\000n\000t\000e\000\040\000C\000a\000r\000l\000o}{part.1}% 83
\BOOKMARK [1][-]{section.23.1}{\376\377\000A\000c\000t\000i\000v\000i\000d\000a\000d}{chapter.23}% 84
\BOOKMARK [0][-]{chapter.24}{\376\377\000P\000r\000\341\000c\000t\000i\000c\000a\000\040\0001\0001\000.\000\040\000E\000s\000t\000a\000d\000\355\000s\000t\000i\000c\000a\000\040\000d\000e\000s\000c\000r\000i\000p\000t\000i\000v\000a}{part.1}% 85
\BOOKMARK [1][-]{section.24.1}{\376\377\000A\000c\000t\000i\000v\000i\000d\000a\000d}{chapter.24}% 86
\BOOKMARK [0][-]{chapter.25}{\376\377\000P\000r\000\341\000c\000t\000i\000c\000a\000\040\0001\0002\000.\000\040\000R\000e\000g\000r\000e\000s\000i\000\363\000n\000\040\000l\000i\000n\000e\000a\000l}{part.1}% 87
\BOOKMARK [1][-]{section.25.1}{\376\377\000A\000c\000t\000i\000v\000i\000d\000a\000d}{chapter.25}% 88
\BOOKMARK [0][-]{chapter.26}{\376\377\000P\000r\000\341\000c\000t\000i\000c\000a\000\040\0001\0003\000.\000\040\000D\000o\000c\000u\000m\000e\000n\000t\000o\000\040\000c\000i\000e\000n\000t\000\355\000f\000i\000c\000o\000\040\000e\000n\000\040\000L\000a\000T\000e\000X}{part.1}% 89
\BOOKMARK [1][-]{section.26.1}{\376\377\000A\000c\000t\000i\000v\000i\000d\000a\000d}{chapter.26}% 90
\BOOKMARK [0][-]{chapter.27}{\376\377\000P\000r\000\341\000c\000t\000i\000c\000a\000\040\0001\0004\000.\000\040\000I\000n\000f\000o\000r\000m\000e\000\040\000r\000e\000p\000r\000o\000d\000u\000c\000i\000b\000l\000e\000\040\000c\000o\000n\000\040\000R\000\040\000M\000a\000r\000k\000d\000o\000w\000n\000\040\000o\000\040\000Q\000u\000a\000r\000t\000o}{part.1}% 91
\BOOKMARK [1][-]{section.27.1}{\376\377\000A\000c\000t\000i\000v\000i\000d\000a\000d}{chapter.27}% 92
\BOOKMARK [0][-]{chapter.28}{\376\377\000P\000r\000\341\000c\000t\000i\000c\000a\000\040\0001\0005\000.\000\040\000P\000r\000o\000y\000e\000c\000t\000o\000\040\000i\000n\000t\000e\000g\000r\000a\000d\000o\000r}{part.1}% 93
\BOOKMARK [1][-]{section.28.1}{\376\377\000P\000r\000o\000p\000u\000e\000s\000t\000a}{chapter.28}% 94
\BOOKMARK [1][-]{section.28.2}{\376\377\000R\000e\000q\000u\000i\000s\000i\000t\000o\000s\000\040\000m\000\355\000n\000i\000m\000o\000s}{chapter.28}% 95
\BOOKMARK [0][-]{appendix.Alph1}{\376\377\000R\000e\000f\000e\000r\000e\000n\000c\000i\000a\000\040\000r\000\341\000p\000i\000d\000a\000\040\000d\000e\000\040\000R}{part.1}% 96
\BOOKMARK [1][-]{section.Alph1.1}{\376\377\000O\000b\000j\000e\000t\000o\000s\000\040\000y\000\040\000o\000p\000e\000r\000a\000c\000i\000o\000n\000e\000s}{appendix.Alph1}% 97
\BOOKMARK [1][-]{section.Alph1.2}{\376\377\000F\000u\000n\000c\000i\000o\000n\000e\000s}{appendix.Alph1}% 98
\BOOKMARK [1][-]{section.Alph1.3}{\376\377\000C\000o\000n\000t\000r\000o\000l\000\040\000d\000e\000\040\000f\000l\000u\000j\000o}{appendix.Alph1}% 99
\BOOKMARK [0][-]{appendix.Alph2}{\376\377\000P\000l\000a\000n\000t\000i\000l\000l\000a\000\040\000d\000e\000\040\000i\000n\000f\000o\000r\000m\000e\000\040\000d\000e\000\040\000p\000r\000\341\000c\000t\000i\000c\000a}{part.1}% 100
\BOOKMARK [0][-]{appendix.Alph3}{\376\377\000B\000i\000b\000l\000i\000o\000g\000r\000a\000f\000\355\000a\000\040\000i\000n\000i\000c\000i\000a\000l}{part.1}% 101
